Function: __init__.prompt_claude_code
File: /Users/nitsanavni/.uv-global-env/lib/python3.12/site-packages/filecache/__init__.py
--------------------------------------------------
Args: ['What is 2+2?'] -> Result: 4

Args: ['What is the capital of France?'] -> Result: Paris

Args: ['Write a haiku about Python'] -> Result: Python glides through code  
Indentation speaks volumes  
Simple yet profound

