Function: fizzbuzz.is_divisible_by
File: fizzbuzz.py
--------------------------------------------------
Args: [3, 3] -> Result: True
Args: [3, 5] -> Result: False
Args: [5, 3] -> Result: False
Args: [5, 5] -> Result: True
Args: [7, 3] -> Result: False
Args: [7, 5] -> Result: False
Args: [9, 3] -> Result: True
Args: [9, 5] -> Result: False
Args: [15, 3] -> Result: True
Args: [15, 5] -> Result: True
