Function: math_operations.multiply
File: math_operations.py
--------------------------------------------------
Args: [2, 3] -> Result: 6
Args: [0, 5] -> Result: 0
Args: [-2, -3] -> Result: 6
