Code:
def hello_world():
    return 'Hello, World!'

print(hello_world())

Result: Hello, World!
