Code:
dictionary = {'a': 1, 'b': 2, 'c': 3}
print(dictionary)

Result: {'a': 1, 'b': 2, 'c': 3}
