Code:
a, b = 0, 1
for _ in range(10):
    print(a)
    a, b = b, a + b

Result: 0
1
1
2
3
5
8
13
21
34
